** Drc report for MPPT Controller.kicad_pcb **
** Created on 2026-08-11T15:05:34+0200 **

** Found 167 DRC violations **
[clearance]: Clearance violation (netclass 'Switch_Node' clearance 0.4000 mm; actual 0.3500 mm)
    Rule: netclass 'Switch_Node'; error
    @(145.2825 mm, 80.9600 mm): Pad 4 [GND] of U1 on F.Cu
    @(145.2825 mm, 80.0100 mm): Pad 5 [Net-(U1-SW)] of U1 on F.Cu
[clearance]: Clearance violation (netclass 'Power_GND' clearance 0.2500 mm; actual 0.2000 mm)
    Rule: netclass 'Power_GND'; error
    @(132.4650 mm, 75.5050 mm): Pad 2 [Data-] of U4 on F.Cu
    @(132.4650 mm, 75.0050 mm): Pad 3 [GND] of U4 on F.Cu
[clearance]: Clearance violation (netclass 'Power_GND' clearance 0.2500 mm; actual 0.2000 mm)
    Rule: netclass 'Power_GND'; error
    @(132.4650 mm, 75.0050 mm): Pad 3 [GND] of U4 on F.Cu
    @(132.4650 mm, 74.5050 mm): Pad 4 [unconnected-(U4-IO3-Pad4)] of U4 on F.Cu
[clearance]: Clearance violation (netclass 'Power_GND' clearance 0.2500 mm; actual 0.2000 mm)
    Rule: netclass 'Power_GND'; error
    @(131.6950 mm, 74.5050 mm): Pad 7 [unconnected-(U4-NC-Pad7)] of U4 on F.Cu
    @(131.6950 mm, 75.0050 mm): Pad 8 [GND] of U4 on F.Cu
[clearance]: Clearance violation (netclass 'Power_GND' clearance 0.2500 mm; actual 0.2000 mm)
    Rule: netclass 'Power_GND'; error
    @(131.6950 mm, 75.0050 mm): Pad 8 [GND] of U4 on F.Cu
    @(131.6950 mm, 75.5050 mm): Pad 9 [Data-] of U4 on F.Cu
[clearance]: Clearance violation (netclass 'Switch_Node' clearance 0.4000 mm; actual 0.3700 mm)
    Rule: netclass 'Switch_Node'; error
    @(152.4050 mm, 58.3600 mm): Pad 17 [unconnected-(U5-SHD/SD2-Pad17)] of U5 on F.Cu
    @(153.6750 mm, 58.3600 mm): Pad 18 [unconnected-(U5-SWP/SD3-Pad18)] of U5 on F.Cu
[clearance]: Clearance violation (netclass 'Switch_Node' clearance 0.4000 mm; actual 0.3700 mm)
    Rule: netclass 'Switch_Node'; error
    @(153.6750 mm, 58.3600 mm): Pad 18 [unconnected-(U5-SWP/SD3-Pad18)] of U5 on F.Cu
    @(154.9450 mm, 58.3600 mm): Pad 19 [unconnected-(U5-SCS/CMD-Pad19)] of U5 on F.Cu
[clearance]: Clearance violation (netclass 'Power_GND' clearance 0.2500 mm; actual 0.2000 mm)
    Rule: netclass 'Power_GND'; error
    @(125.6550 mm, 78.5050 mm): Pad A1 [GND] of J4 on F.Cu
    @(126.4550 mm, 78.5050 mm): Pad A4 [+5V] of J4 on F.Cu
[clearance]: Clearance violation (netclass 'Power_GND' clearance 0.2500 mm; actual 0.2000 mm)
    Rule: netclass 'Power_GND'; error
    @(125.6550 mm, 78.5050 mm): Pad A1 [GND] of J4 on F.Cu
    @(126.4550 mm, 78.5050 mm): Pad B9 [+5V] of J4 on F.Cu
[clearance]: Clearance violation (netclass 'Power_GND' clearance 0.2500 mm; actual 0.2000 mm)
    Rule: netclass 'Power_GND'; error
    @(126.4550 mm, 78.5050 mm): Pad A4 [+5V] of J4 on F.Cu
    @(125.6550 mm, 78.5050 mm): Pad B12 [GND] of J4 on F.Cu
[clearance]: Clearance violation (netclass 'Power_GND' clearance 0.2500 mm; actual 0.2000 mm)
    Rule: netclass 'Power_GND'; error
    @(131.3550 mm, 78.5050 mm): Pad A9 [+5V] of J4 on F.Cu
    @(132.1550 mm, 78.5050 mm): Pad A12 [GND] of J4 on F.Cu
[clearance]: Clearance violation (netclass 'Power_GND' clearance 0.2500 mm; actual 0.2000 mm)
    Rule: netclass 'Power_GND'; error
    @(131.3550 mm, 78.5050 mm): Pad A9 [+5V] of J4 on F.Cu
    @(132.1550 mm, 78.5050 mm): Pad B1 [GND] of J4 on F.Cu
[clearance]: Clearance violation (netclass 'Power_GND' clearance 0.2500 mm; actual 0.2000 mm)
    Rule: netclass 'Power_GND'; error
    @(132.1550 mm, 78.5050 mm): Pad A12 [GND] of J4 on F.Cu
    @(131.3550 mm, 78.5050 mm): Pad B4 [+5V] of J4 on F.Cu
[clearance]: Clearance violation (netclass 'Power_GND' clearance 0.2500 mm; actual 0.2000 mm)
    Rule: netclass 'Power_GND'; error
    @(132.1550 mm, 78.5050 mm): Pad B1 [GND] of J4 on F.Cu
    @(131.3550 mm, 78.5050 mm): Pad B4 [+5V] of J4 on F.Cu
[clearance]: Clearance violation (netclass 'Power_GND' clearance 0.2500 mm; actual 0.2000 mm)
    Rule: netclass 'Power_GND'; error
    @(126.4550 mm, 78.5050 mm): Pad B9 [+5V] of J4 on F.Cu
    @(125.6550 mm, 78.5050 mm): Pad B12 [GND] of J4 on F.Cu
[copper_edge_clearance]: Board edge clearance violation (board setup constraints edge clearance 0.5000 mm; actual 0.1704 mm)
    Rule: board setup constraints edge; error
    @(133.0132 mm, 39.9796 mm): Segment on Edge.Cuts
    @(146.8250 mm, 40.6000 mm): Pad 1 [GND] of U5 on F.Cu
[copper_edge_clearance]: Board edge clearance violation (board setup constraints edge clearance 0.5000 mm; actual 0.1704 mm)
    Rule: board setup constraints edge; error
    @(133.0132 mm, 39.9796 mm): Segment on Edge.Cuts
    @(164.3250 mm, 40.6000 mm): Pad 38 [GND] of U5 on F.Cu
[copper_edge_clearance]: Board edge clearance violation (board setup constraints edge clearance 0.5000 mm; actual 0.4354 mm)
    Rule: board setup constraints edge; error
    @(133.0132 mm, 39.9796 mm): Segment on Edge.Cuts
    @(144.7800 mm, 40.9150 mm): Pad 2 [GND] of C11 on F.Cu
[copper_edge_clearance]: Board edge clearance violation (board setup constraints edge clearance 0.5000 mm; actual 0.4804 mm)
    Rule: board setup constraints edge; error
    @(133.0132 mm, 39.9796 mm): Segment on Edge.Cuts
    @(141.6050 mm, 40.9600 mm): Pad 2 [GND] of C10 on F.Cu
[drill_out_of_range]: Hole size out of range (board setup constraints min hole 0.3000 mm; actual 0.2000 mm)
    Rule: board setup constraints; error
    @(153.3700 mm, 47.1775 mm): PTH pad 39 [GND] of U5
[drill_out_of_range]: Hole size out of range (board setup constraints min hole 0.3000 mm; actual 0.2000 mm)
    Rule: board setup constraints; error
    @(153.3700 mm, 48.7025 mm): PTH pad 39 [GND] of U5
[drill_out_of_range]: Hole size out of range (board setup constraints min hole 0.3000 mm; actual 0.2000 mm)
    Rule: board setup constraints; error
    @(154.1325 mm, 46.4150 mm): PTH pad 39 [GND] of U5
[drill_out_of_range]: Hole size out of range (board setup constraints min hole 0.3000 mm; actual 0.2000 mm)
    Rule: board setup constraints; error
    @(154.1325 mm, 47.9400 mm): PTH pad 39 [GND] of U5
[drill_out_of_range]: Hole size out of range (board setup constraints min hole 0.3000 mm; actual 0.2000 mm)
    Rule: board setup constraints; error
    @(154.1325 mm, 49.4650 mm): PTH pad 39 [GND] of U5
[drill_out_of_range]: Hole size out of range (board setup constraints min hole 0.3000 mm; actual 0.2000 mm)
    Rule: board setup constraints; error
    @(154.8950 mm, 47.1775 mm): PTH pad 39 [GND] of U5
[drill_out_of_range]: Hole size out of range (board setup constraints min hole 0.3000 mm; actual 0.2000 mm)
    Rule: board setup constraints; error
    @(154.8950 mm, 48.7025 mm): PTH pad 39 [GND] of U5
[drill_out_of_range]: Hole size out of range (board setup constraints min hole 0.3000 mm; actual 0.2000 mm)
    Rule: board setup constraints; error
    @(155.6575 mm, 46.4150 mm): PTH pad 39 [GND] of U5
[drill_out_of_range]: Hole size out of range (board setup constraints min hole 0.3000 mm; actual 0.2000 mm)
    Rule: board setup constraints; error
    @(155.6575 mm, 47.9400 mm): PTH pad 39 [GND] of U5
[drill_out_of_range]: Hole size out of range (board setup constraints min hole 0.3000 mm; actual 0.2000 mm)
    Rule: board setup constraints; error
    @(155.6575 mm, 49.4650 mm): PTH pad 39 [GND] of U5
[drill_out_of_range]: Hole size out of range (board setup constraints min hole 0.3000 mm; actual 0.2000 mm)
    Rule: board setup constraints; error
    @(156.4200 mm, 47.1775 mm): PTH pad 39 [GND] of U5
[drill_out_of_range]: Hole size out of range (board setup constraints min hole 0.3000 mm; actual 0.2000 mm)
    Rule: board setup constraints; error
    @(156.4200 mm, 48.7025 mm): PTH pad 39 [GND] of U5
[silk_edge_clearance]: Silkscreen clipped by board edge (board setup constraints silk clearance 0.5000 mm; actual 0.4713 mm)
    Rule: board setup constraints silk; warning
    @(58.9962 mm, 27.9894 mm): Segment on Edge.Cuts
    @(125.6829 mm, 28.4750 mm): Segment of R7 on F.Silkscreen
[silk_edge_clearance]: Silkscreen clipped by board edge (board setup constraints silk clearance 0.5000 mm; actual 0.0446 mm)
    Rule: board setup constraints silk; warning
    @(133.0132 mm, 39.9796 mm): Segment on Edge.Cuts
    @(146.4500 mm, 39.8750 mm): Polygon of U5 on F.Silkscreen
[silk_edge_clearance]: Silkscreen clipped by board edge (board setup constraints silk clearance 0.5000 mm; actual 0.2922 mm)
    Rule: board setup constraints silk; warning
    @(56.9976 mm, 85.0712 mm): Segment on Edge.Cuts
    @(57.9100 mm, 77.1000 mm): Reference field of J3
[silk_edge_clearance]: Silkscreen clipped by board edge (board setup constraints silk clearance 0.5000 mm; actual 0.4713 mm)
    Rule: board setup constraints silk; warning
    @(166.9796 mm, 41.9796 mm): Segment on Edge.Cuts
    @(165.1000 mm, 69.8000 mm): Reference field of SW2
[silk_edge_clearance]: Silkscreen clipped by board edge (board setup constraints silk clearance 0.5000 mm; actual 0.4196 mm)
    Rule: board setup constraints silk; warning
    @(166.9796 mm, 41.9796 mm): Segment on Edge.Cuts
    @(166.2000 mm, 64.9800 mm): Segment of SW2 on F.Silkscreen
[silk_edge_clearance]: Silkscreen clipped by board edge (board setup constraints silk clearance 0.5000 mm; actual 0.4196 mm)
    Rule: board setup constraints silk; warning
    @(166.9796 mm, 41.9796 mm): Segment on Edge.Cuts
    @(166.5000 mm, 64.9800 mm): Segment of SW2 on F.Silkscreen
[silk_edge_clearance]: Silkscreen clipped by board edge (board setup constraints silk clearance 0.5000 mm; actual 0.4196 mm)
    Rule: board setup constraints silk; warning
    @(166.9796 mm, 41.9796 mm): Segment on Edge.Cuts
    @(166.5000 mm, 68.2800 mm): Segment of SW2 on F.Silkscreen
[silk_edge_clearance]: Silkscreen clipped by board edge (board setup constraints silk clearance 0.5000 mm; actual 0.3822 mm)
    Rule: board setup constraints silk; warning
    @(56.9976 mm, 85.0712 mm): Segment on Edge.Cuts
    @(58.0000 mm, 34.2900 mm): Reference field of J1
[silk_edge_clearance]: Silkscreen clipped by board edge (board setup constraints silk clearance 0.5000 mm; actual 0.3414 mm)
    Rule: board setup constraints silk; warning
    @(164.9796 mm, 87.0712 mm): Segment on Edge.Cuts
    @(116.8400 mm, 86.2000 mm): Reference field of J2
[silk_over_copper]: Silkscreen clipped by solder mask
    Local override; warning
    @(74.9300 mm, 55.5600 mm): Footprint text of D3 (K)
[silk_overlap]: Silkscreen overlap (board setup constraints silk clearance 0.5000 mm; actual 0.2102 mm)
    Rule: board setup constraints silk; warning
    @(164.1000 mm, 75.7450 mm): Segment of D5 on F.Silkscreen
    @(163.3000 mm, 76.8000 mm): Reference field of D5
[silk_overlap]: Silkscreen overlap (board setup constraints silk clearance 0.5000 mm; actual 0.3086 mm)
    Rule: board setup constraints silk; warning
    @(161.3000 mm, 78.3350 mm): Reference field of R12
    @(163.3000 mm, 76.8000 mm): Reference field of D5
[silk_overlap]: Silkscreen overlap (board setup constraints silk clearance 0.5000 mm; actual 0.4076 mm)
    Rule: board setup constraints silk; warning
    @(166.1000 mm, 75.7450 mm): Segment of D5 on F.Silkscreen
    @(163.3000 mm, 76.8000 mm): Reference field of D5
[silk_overlap]: Silkscreen overlap (board setup constraints silk clearance 0.5000 mm; actual 0.4002 mm)
    Rule: board setup constraints silk; warning
    @(159.5650 mm, 62.2050 mm): Reference field of R2
    @(160.5550 mm, 61.9579 mm): Segment of R2 on F.Silkscreen
[silk_overlap]: Silkscreen overlap (board setup constraints silk clearance 0.5000 mm; actual 0.4768 mm)
    Rule: board setup constraints silk; warning
    @(163.1900 mm, 72.2800 mm): Segment of J5 on F.Silkscreen
    @(163.4800 mm, 71.2900 mm): Reference field of J5
[silk_overlap]: Silkscreen overlap (board setup constraints silk clearance 0.5000 mm; actual 0.4768 mm)
    Rule: board setup constraints silk; warning
    @(163.4800 mm, 71.2900 mm): Reference field of J5
    @(163.1900 mm, 75.0400 mm): Segment of J5 on F.Silkscreen
[silk_overlap]: Silkscreen overlap (board setup constraints silk clearance 0.5000 mm; actual 0.4055 mm)
    Rule: board setup constraints silk; warning
    @(163.4800 mm, 71.2900 mm): Reference field of J5
    @(165.1000 mm, 69.8000 mm): Reference field of SW2
[silk_overlap]: Silkscreen overlap (board setup constraints silk clearance 0.5000 mm; actual 0.3102 mm)
    Rule: board setup constraints silk; warning
    @(149.7650 mm, 77.9100 mm): Segment of L2 on F.Silkscreen
    @(151.7650 mm, 77.0100 mm): Reference field of L2
[silk_overlap]: Silkscreen overlap (board setup constraints silk clearance 0.5000 mm; actual 0.4202 mm)
    Rule: board setup constraints silk; warning
    @(149.5850 mm, 72.1000 mm): Segment of U8 on F.Silkscreen
    @(150.5800 mm, 71.0900 mm): Reference field of U8
[silk_overlap]: Silkscreen overlap (board setup constraints silk clearance 0.5000 mm; actual 0.2248 mm)
    Rule: board setup constraints silk; warning
    @(157.6070 mm, 75.5650 mm): Reference field of D1
    @(159.6900 mm, 74.6600 mm): Segment of D1 on F.Silkscreen
[silk_overlap]: Silkscreen overlap (board setup constraints silk clearance 0.5000 mm; actual 0.4572 mm)
    Rule: board setup constraints silk; warning
    @(150.5800 mm, 71.0900 mm): Reference field of U8
    @(151.4050 mm, 72.1000 mm): Segment of U8 on F.Silkscreen
[silk_overlap]: Silkscreen overlap (board setup constraints silk clearance 0.5000 mm; actual 0.4573 mm)
    Rule: board setup constraints silk; warning
    @(139.4453 mm, 53.2275 mm): Segment of R25 on F.Silkscreen
    @(139.7000 mm, 54.3650 mm): Reference field of R25
[silk_overlap]: Silkscreen overlap (board setup constraints silk clearance 0.5000 mm; actual 0.3695 mm)
    Rule: board setup constraints silk; warning
    @(136.5000 mm, 48.8950 mm): Reference field of R4
    @(137.6950 mm, 49.1221 mm): Segment of R4 on F.Silkscreen
[silk_overlap]: Silkscreen overlap (board setup constraints silk clearance 0.5000 mm; actual 0.3048 mm)
    Rule: board setup constraints silk; warning
    @(138.4100 mm, 62.7850 mm): Segment of U6 on F.Silkscreen
    @(139.3950 mm, 64.8450 mm): Reference field of U6
[silk_overlap]: Silkscreen overlap (board setup constraints silk clearance 0.5000 mm; actual 0.3898 mm)
    Rule: board setup constraints silk; warning
    @(137.6950 mm, 58.4300 mm): Reference field of R16
    @(136.6250 mm, 58.6571 mm): Segment of R16 on F.Silkscreen
[silk_overlap]: Silkscreen overlap (board setup constraints silk clearance 0.5000 mm; actual 0.4621 mm)
    Rule: board setup constraints silk; warning
    @(132.5950 mm, 55.8050 mm): Reference field of Q3
    @(133.0950 mm, 57.1300 mm): Polygon of Q3 on F.Silkscreen
[silk_overlap]: Silkscreen overlap (board setup constraints silk clearance 0.5000 mm; actual 0.1052 mm)
    Rule: board setup constraints silk; warning
    @(161.1900 mm, 82.3850 mm): Segment of D4 on F.Silkscreen
    @(160.4950 mm, 83.1850 mm): Reference field of D4
[silk_overlap]: Silkscreen overlap (board setup constraints silk clearance 0.5000 mm; actual 0.3502 mm)
    Rule: board setup constraints silk; warning
    @(161.3000 mm, 78.3350 mm): Reference field of R12
    @(161.5171 mm, 79.2750 mm): Segment of R12 on F.Silkscreen
[silk_overlap]: Silkscreen overlap (board setup constraints silk clearance 0.5000 mm; actual 0.3448 mm)
    Rule: board setup constraints silk; warning
    @(147.9700 mm, 85.5800 mm): Reference field of R10
    @(147.7279 mm, 84.5550 mm): Segment of R10 on F.Silkscreen
[silk_overlap]: Silkscreen overlap (board setup constraints silk clearance 0.5000 mm; actual 0.3448 mm)
    Rule: board setup constraints silk; warning
    @(151.5379 mm, 84.5550 mm): Segment of R11 on F.Silkscreen
    @(151.8700 mm, 85.5800 mm): Reference field of R11
[silk_overlap]: Silkscreen overlap (board setup constraints silk clearance 0.5000 mm; actual 0.2784 mm)
    Rule: board setup constraints silk; warning
    @(128.9050 mm, 71.5750 mm): Reference field of R22
    @(128.8450 mm, 72.9225 mm): Reference field of R14
[silk_overlap]: Silkscreen overlap (board setup constraints silk clearance 0.5000 mm; actual 0.3548 mm)
    Rule: board setup constraints silk; warning
    @(131.5800 mm, 73.5950 mm): Segment of U4 on F.Silkscreen
    @(132.0800 mm, 72.7950 mm): Reference field of U4
[silk_overlap]: Silkscreen overlap (board setup constraints silk clearance 0.5000 mm; actual 0.3802 mm)
    Rule: board setup constraints silk; warning
    @(126.2650 mm, 64.5837 mm): Segment of C14 on F.Silkscreen
    @(125.2950 mm, 64.8450 mm): Reference field of C14
[silk_overlap]: Silkscreen overlap (board setup constraints silk clearance 0.5000 mm; actual 0.4350 mm)
    Rule: board setup constraints silk; warning
    @(128.2900 mm, 66.9050 mm): Segment of U6 on F.Silkscreen
    @(127.7350 mm, 64.5837 mm): Segment of C14 on F.Silkscreen
[silk_overlap]: Silkscreen overlap (board setup constraints silk clearance 0.5000 mm; actual 0.4312 mm)
    Rule: board setup constraints silk; warning
    @(134.0000 mm, 70.2000 mm): Reference field of R18
    @(134.8750 mm, 69.6964 mm): Segment of R19 on F.Silkscreen
[silk_overlap]: Silkscreen overlap (board setup constraints silk clearance 0.5000 mm; actual 0.3900 mm)
    Rule: board setup constraints silk; warning
    @(135.6350 mm, 69.6964 mm): Segment of R19 on F.Silkscreen
    @(136.1450 mm, 70.0036 mm): Segment of R18 on F.Silkscreen
[silk_overlap]: Silkscreen overlap (board setup constraints silk clearance 0.5000 mm; actual 0.3468 mm)
    Rule: board setup constraints silk; warning
    @(136.9050 mm, 70.0036 mm): Segment of R18 on F.Silkscreen
    @(137.9000 mm, 70.2000 mm): Reference field of R19
[silk_overlap]: Silkscreen overlap (board setup constraints silk clearance 0.5000 mm; actual 0.3280 mm)
    Rule: board setup constraints silk; warning
    @(125.7450 mm, 73.0450 mm): Reference field of U7
    @(125.0300 mm, 73.7700 mm): Segment of U7 on F.Silkscreen
[silk_overlap]: Silkscreen overlap (board setup constraints silk clearance 0.5000 mm; actual 0.4500 mm)
    Rule: board setup constraints silk; warning
    @(125.9913 mm, 75.5400 mm): Segment of C12 on F.Silkscreen
    @(125.0300 mm, 74.9700 mm): Segment of U7 on F.Silkscreen
[silk_overlap]: Silkscreen overlap (board setup constraints silk clearance 0.5000 mm; actual 0.4289 mm)
    Rule: board setup constraints silk; warning
    @(116.8400 mm, 86.2000 mm): Reference field of J2
    @(118.2200 mm, 85.2000 mm): Segment of J2 on F.Silkscreen
[silk_overlap]: Silkscreen overlap (board setup constraints silk clearance 0.5000 mm; actual 0.3752 mm)
    Rule: board setup constraints silk; warning
    @(164.3650 mm, 62.0029 mm): Segment of R6 on F.Silkscreen
    @(163.4000 mm, 62.2300 mm): Reference field of R6
[silk_overlap]: Silkscreen overlap (board setup constraints silk clearance 0.5000 mm; actual 0.2929 mm)
    Rule: board setup constraints silk; warning
    @(143.5100 mm, 52.8650 mm): Reference field of C24
    @(143.6563 mm, 51.9450 mm): Segment of C24 on F.Silkscreen
[silk_overlap]: Silkscreen overlap (board setup constraints silk clearance 0.5000 mm; actual 0.4263 mm)
    Rule: board setup constraints silk; warning
    @(143.5100 mm, 52.8650 mm): Reference field of C24
    @(143.7371 mm, 53.8750 mm): Segment of R9 on F.Silkscreen
[silk_overlap]: Silkscreen overlap (board setup constraints silk clearance 0.5000 mm; actual 0.3152 mm)
    Rule: board setup constraints silk; warning
    @(139.9650 mm, 42.0300 mm): Reference field of C10
    @(140.8700 mm, 42.1713 mm): Segment of C10 on F.Silkscreen
[silk_overlap]: Silkscreen overlap (board setup constraints silk clearance 0.5000 mm; actual 0.4407 mm)
    Rule: board setup constraints silk; warning
    @(143.2350 mm, 78.4500 mm): Segment of U1 on F.Silkscreen
    @(144.1450 mm, 77.6100 mm): Reference field of U1
[silk_overlap]: Silkscreen overlap (board setup constraints silk clearance 0.5000 mm; actual 0.4594 mm)
    Rule: board setup constraints silk; warning
    @(144.1450 mm, 77.6100 mm): Reference field of U1
    @(143.2350 mm, 78.5000 mm): Segment of U1 on F.Silkscreen
[silk_overlap]: Silkscreen overlap (board setup constraints silk clearance 0.5000 mm; actual 0.4618 mm)
    Rule: board setup constraints silk; warning
    @(142.6950 mm, 78.5000 mm): Polygon of U1 on F.Silkscreen
    @(144.1450 mm, 77.6100 mm): Reference field of U1
[silk_overlap]: Silkscreen overlap (board setup constraints silk clearance 0.5000 mm; actual 0.2631 mm)
    Rule: board setup constraints silk; warning
    @(145.0550 mm, 78.4500 mm): Segment of U1 on F.Silkscreen
    @(144.1450 mm, 77.6100 mm): Reference field of U1
[silk_overlap]: Silkscreen overlap (board setup constraints silk clearance 0.5000 mm; actual 0.3552 mm)
    Rule: board setup constraints silk; warning
    @(146.5850 mm, 73.9213 mm): Segment of C17 on F.Silkscreen
    @(145.6400 mm, 73.6600 mm): Reference field of C17
[silk_overlap]: Silkscreen overlap (board setup constraints silk clearance 0.5000 mm; actual 0.3650 mm)
    Rule: board setup constraints silk; warning
    @(111.8100 mm, 44.9196 mm): Segment of L1 on F.Silkscreen
    @(112.2950 mm, 45.8509 mm): Segment of C21 on F.Silkscreen
[silk_overlap]: Silkscreen overlap (board setup constraints silk clearance 0.5000 mm; actual 0.1598 mm)
    Rule: board setup constraints silk; warning
    @(127.9700 mm, 37.4850 mm): Segment of U2 on F.Silkscreen
    @(125.9100 mm, 38.3250 mm): Reference field of U2
[silk_overlap]: Silkscreen overlap (board setup constraints silk clearance 0.5000 mm; actual 0.3150 mm)
    Rule: board setup constraints silk; warning
    @(125.6829 mm, 30.3800 mm): Segment of R8 on F.Silkscreen
    @(125.6829 mm, 29.9450 mm): Segment of R7 on F.Silkscreen
[silk_overlap]: Silkscreen overlap (board setup constraints silk clearance 0.5000 mm; actual 0.3950 mm)
    Rule: board setup constraints silk; warning
    @(123.8500 mm, 32.3650 mm): Segment of U2 on F.Silkscreen
    @(125.6829 mm, 31.8500 mm): Segment of R8 on F.Silkscreen
[silk_overlap]: Silkscreen overlap (board setup constraints silk clearance 0.5000 mm; actual 0.3198 mm)
    Rule: board setup constraints silk; warning
    @(113.0000 mm, 38.2800 mm): Rectangle of D2 on F.Silkscreen
    @(108.1300 mm, 39.2800 mm): Reference field of D2
[silk_overlap]: Silkscreen overlap (board setup constraints silk clearance 0.5000 mm; actual 0.4852 mm)
    Rule: board setup constraints silk; warning
    @(124.0800 mm, 58.4300 mm): Reference field of R17
    @(124.9950 mm, 58.6571 mm): Segment of R17 on F.Silkscreen
[silk_overlap]: Silkscreen overlap (board setup constraints silk clearance 0.5000 mm; actual 0.2698 mm)
    Rule: board setup constraints silk; warning
    @(105.4100 mm, 58.0196 mm): Reference field of L1
    @(111.1600 mm, 57.0696 mm): Segment of L1 on F.Silkscreen
[silk_overlap]: Silkscreen overlap (board setup constraints silk clearance 0.5000 mm; actual 0.4716 mm)
    Rule: board setup constraints silk; warning
    @(111.8100 mm, 53.6696 mm): Segment of L1 on F.Silkscreen
    @(112.2950 mm, 56.7583 mm): Segment of C22 on F.Silkscreen
[silk_overlap]: Silkscreen overlap (board setup constraints silk clearance 0.5000 mm; actual 0.4145 mm)
    Rule: board setup constraints silk; warning
    @(111.1600 mm, 56.4196 mm): Arc of L1 on F.Silkscreen
    @(112.2950 mm, 56.7583 mm): Segment of C22 on F.Silkscreen
[silk_overlap]: Silkscreen overlap (board setup constraints silk clearance 0.5000 mm; actual 0.4912 mm)
    Rule: board setup constraints silk; warning
    @(107.3150 mm, 64.7700 mm): Circle of TP4 on F.Silkscreen
    @(106.3000 mm, 62.8000 mm): Reference field of TP4
[silk_overlap]: Silkscreen overlap (board setup constraints silk clearance 0.5000 mm; actual 0.3502 mm)
    Rule: board setup constraints silk; warning
    @(107.3150 mm, 71.3600 mm): Reference field of R13
    @(108.8421 mm, 72.3000 mm): Segment of R13 on F.Silkscreen
[silk_overlap]: Silkscreen overlap (board setup constraints silk clearance 0.5000 mm; actual 0.2902 mm)
    Rule: board setup constraints silk; warning
    @(100.8100 mm, 71.8600 mm): Reference field of D7
    @(97.4450 mm, 72.7400 mm): Segment of D7 on F.Silkscreen
[silk_overlap]: Silkscreen overlap (board setup constraints silk clearance 0.5000 mm; actual 0.4972 mm)
    Rule: board setup constraints silk; warning
    @(124.0100 mm, 51.5896 mm): Reference field of C2
    @(122.6873 mm, 50.7056 mm): Segment of C2 on F.Silkscreen
[silk_overlap]: Silkscreen overlap (board setup constraints silk clearance 0.5000 mm; actual 0.4918 mm)
    Rule: board setup constraints silk; warning
    @(124.0100 mm, 51.5896 mm): Reference field of C2
    @(117.6073 mm, 51.3046 mm): Circle of C2 on F.Silkscreen
[silk_overlap]: Silkscreen overlap (board setup constraints silk clearance 0.5000 mm; actual 0.4896 mm)
    Rule: board setup constraints silk; warning
    @(122.6473 mm, 50.4426 mm): Segment of C2 on F.Silkscreen
    @(124.0100 mm, 51.5896 mm): Reference field of C2
[silk_overlap]: Silkscreen overlap (board setup constraints silk clearance 0.5000 mm; actual 0.4820 mm)
    Rule: board setup constraints silk; warning
    @(124.0100 mm, 51.5896 mm): Reference field of C2
    @(122.6073 mm, 50.2426 mm): Segment of C2 on F.Silkscreen
[silk_overlap]: Silkscreen overlap (board setup constraints silk clearance 0.5000 mm; actual 0.4759 mm)
    Rule: board setup constraints silk; warning
    @(143.7371 mm, 55.3450 mm): Segment of R9 on F.Silkscreen
    @(143.5100 mm, 56.2250 mm): Reference field of R9
[silk_overlap]: Silkscreen overlap (board setup constraints silk clearance 0.5000 mm; actual 0.4309 mm)
    Rule: board setup constraints silk; warning
    @(140.6000 mm, 56.4650 mm): Reference field of TP11
    @(143.5100 mm, 56.2250 mm): Reference field of R9
[silk_overlap]: Silkscreen overlap (board setup constraints silk clearance 0.5000 mm; actual 0.3957 mm)
    Rule: board setup constraints silk; warning
    @(142.3000 mm, 46.1000 mm): Reference field of C15
    @(144.0450 mm, 45.4137 mm): Segment of C15 on F.Silkscreen
[silk_overlap]: Silkscreen overlap (board setup constraints silk clearance 0.5000 mm; actual 0.4752 mm)
    Rule: board setup constraints silk; warning
    @(140.6000 mm, 56.4650 mm): Reference field of TP11
    @(140.9700 mm, 58.4200 mm): Circle of TP11 on F.Silkscreen
[silk_overlap]: Silkscreen overlap (board setup constraints silk clearance 0.5000 mm; actual 0.2824 mm)
    Rule: board setup constraints silk; warning
    @(129.1321 mm, 70.6600 mm): Segment of R22 on F.Silkscreen
    @(128.9050 mm, 71.5750 mm): Reference field of R22
[silk_overlap]: Silkscreen overlap (board setup constraints silk clearance 0.5000 mm; actual 0.3252 mm)
    Rule: board setup constraints silk; warning
    @(74.9300 mm, 68.8350 mm): Reference field of R3
    @(74.7029 mm, 69.7500 mm): Segment of R3 on F.Silkscreen
[silk_overlap]: Silkscreen overlap (board setup constraints silk clearance 0.5000 mm; actual 0.4849 mm)
    Rule: board setup constraints silk; warning
    @(78.0155 mm, 58.0055 mm): Reference field of R5
    @(79.3550 mm, 57.3100 mm): Segment of U3 on F.Silkscreen
[silk_overlap]: Silkscreen overlap (board setup constraints silk clearance 0.5000 mm; actual 0.4664 mm)
    Rule: board setup constraints silk; warning
    @(79.3550 mm, 61.4300 mm): Segment of U3 on F.Silkscreen
    @(78.0155 mm, 58.0055 mm): Reference field of R5
[silk_overlap]: Silkscreen overlap (board setup constraints silk clearance 0.5000 mm; actual 0.4393 mm)
    Rule: board setup constraints silk; warning
    @(76.4000 mm, 57.9200 mm): Rectangle of D3 on F.Silkscreen
    @(72.1000 mm, 60.9000 mm): Reference field of D3
[silk_overlap]: Silkscreen overlap (board setup constraints silk clearance 0.5000 mm; actual 0.0798 mm)
    Rule: board setup constraints silk; warning
    @(81.4600 mm, 67.9900 mm): Segment of D6 on F.Silkscreen
    @(83.8200 mm, 68.7500 mm): Reference field of D6
[silk_overlap]: Silkscreen overlap (board setup constraints silk clearance 0.5000 mm; actual 0.4098 mm)
    Rule: board setup constraints silk; warning
    @(96.2587 mm, 54.7100 mm): Segment of C16 on F.Silkscreen
    @(96.5200 mm, 55.8000 mm): Reference field of C16
[silk_overlap]: Silkscreen overlap (board setup constraints silk clearance 0.5000 mm; actual 0.3652 mm)
    Rule: board setup constraints silk; warning
    @(94.2845 mm, 46.9000 mm): Reference field of IRFZ44N2
    @(87.6000 mm, 47.8550 mm): Segment of IRFZ44N2 on F.Silkscreen
[silk_overlap]: Silkscreen overlap (board setup constraints silk clearance 0.5000 mm; actual 0.3820 mm)
    Rule: board setup constraints silk; warning
    @(94.2845 mm, 46.9000 mm): Reference field of IRFZ44N2
    @(97.8200 mm, 47.8550 mm): Segment of IRFZ44N2 on F.Silkscreen
[silk_overlap]: Silkscreen overlap (board setup constraints silk clearance 0.5000 mm; actual 0.3697 mm)
    Rule: board setup constraints silk; warning
    @(94.2845 mm, 46.9000 mm): Reference field of IRFZ44N2
    @(90.8600 mm, 47.8550 mm): Segment of IRFZ44N2 on F.Silkscreen
[silk_overlap]: Silkscreen overlap (board setup constraints silk clearance 0.5000 mm; actual 0.4984 mm)
    Rule: board setup constraints silk; warning
    @(71.6000 mm, 47.4000 mm): Reference field of C20
    @(72.9950 mm, 47.8550 mm): Segment of IRFZ44N1 on F.Silkscreen
[silk_overlap]: Silkscreen overlap (board setup constraints silk clearance 0.5000 mm; actual 0.4984 mm)
    Rule: board setup constraints silk; warning
    @(72.9950 mm, 52.4750 mm): Segment of IRFZ44N1 on F.Silkscreen
    @(71.6000 mm, 47.4000 mm): Reference field of C20
[silk_overlap]: Silkscreen overlap (board setup constraints silk clearance 0.5000 mm; actual 0.4874 mm)
    Rule: board setup constraints silk; warning
    @(72.9950 mm, 49.2350 mm): Segment of IRFZ44N1 on F.Silkscreen
    @(72.6155 mm, 49.7092 mm): Segment of C20 on F.Silkscreen
[silk_overlap]: Silkscreen overlap (board setup constraints silk clearance 0.5000 mm; actual 0.2595 mm)
    Rule: board setup constraints silk; warning
    @(72.9950 mm, 52.4750 mm): Segment of IRFZ44N1 on F.Silkscreen
    @(72.6155 mm, 49.7092 mm): Segment of C20 on F.Silkscreen
[silk_overlap]: Silkscreen overlap (board setup constraints silk clearance 0.5000 mm; actual 0.4310 mm)
    Rule: board setup constraints silk; warning
    @(70.6045 mm, 50.3428 mm): Segment of C4 on F.Silkscreen
    @(59.2000 mm, 50.3000 mm): Reference field of C4
[silk_overlap]: Silkscreen overlap (board setup constraints silk clearance 0.5000 mm; actual 0.4290 mm)
    Rule: board setup constraints silk; warning
    @(70.6065 mm, 50.3028 mm): Segment of C4 on F.Silkscreen
    @(59.2000 mm, 50.3000 mm): Reference field of C4
[silk_overlap]: Silkscreen overlap (board setup constraints silk clearance 0.5000 mm; actual 0.4280 mm)
    Rule: board setup constraints silk; warning
    @(70.6075 mm, 50.2628 mm): Segment of C4 on F.Silkscreen
    @(59.2000 mm, 50.3000 mm): Reference field of C4
[silk_overlap]: Silkscreen overlap (board setup constraints silk clearance 0.5000 mm; actual 0.4260 mm)
    Rule: board setup constraints silk; warning
    @(59.2000 mm, 50.3000 mm): Reference field of C4
    @(70.6095 mm, 50.1828 mm): Segment of C4 on F.Silkscreen
[silk_overlap]: Silkscreen overlap (board setup constraints silk clearance 0.5000 mm; actual 0.4260 mm)
    Rule: board setup constraints silk; warning
    @(59.2000 mm, 50.3000 mm): Reference field of C4
    @(70.6095 mm, 50.2228 mm): Segment of C4 on F.Silkscreen
[silk_overlap]: Silkscreen overlap (board setup constraints silk clearance 0.5000 mm; actual 0.4250 mm)
    Rule: board setup constraints silk; warning
    @(70.6105 mm, 50.1028 mm): Segment of C4 on F.Silkscreen
    @(59.2000 mm, 50.3000 mm): Reference field of C4
[silk_overlap]: Silkscreen overlap (board setup constraints silk clearance 0.5000 mm; actual 0.4250 mm)
    Rule: board setup constraints silk; warning
    @(59.2000 mm, 50.3000 mm): Reference field of C4
    @(70.6105 mm, 50.1428 mm): Segment of C4 on F.Silkscreen
[silk_overlap]: Silkscreen overlap (board setup constraints silk clearance 0.5000 mm; actual 0.4450 mm)
    Rule: board setup constraints silk; warning
    @(59.2000 mm, 50.3000 mm): Reference field of C4
    @(65.5305 mm, 50.1028 mm): Circle of C4 on F.Silkscreen
[silk_overlap]: Silkscreen overlap (board setup constraints silk clearance 0.5000 mm; actual 0.4914 mm)
    Rule: board setup constraints silk; warning
    @(59.2000 mm, 50.3000 mm): Reference field of C4
    @(70.5535 mm, 50.8628 mm): Segment of C4 on F.Silkscreen
[silk_overlap]: Silkscreen overlap (board setup constraints silk clearance 0.5000 mm; actual 0.4798 mm)
    Rule: board setup constraints silk; warning
    @(59.2000 mm, 50.3000 mm): Reference field of C4
    @(70.5595 mm, 50.8228 mm): Segment of C4 on F.Silkscreen
[silk_overlap]: Silkscreen overlap (board setup constraints silk clearance 0.5000 mm; actual 0.4707 mm)
    Rule: board setup constraints silk; warning
    @(70.5655 mm, 50.7828 mm): Segment of C4 on F.Silkscreen
    @(59.2000 mm, 50.3000 mm): Reference field of C4
[silk_overlap]: Silkscreen overlap (board setup constraints silk clearance 0.5000 mm; actual 0.4650 mm)
    Rule: board setup constraints silk; warning
    @(70.5705 mm, 50.7428 mm): Segment of C4 on F.Silkscreen
    @(59.2000 mm, 50.3000 mm): Reference field of C4
[silk_overlap]: Silkscreen overlap (board setup constraints silk clearance 0.5000 mm; actual 0.4600 mm)
    Rule: board setup constraints silk; warning
    @(59.2000 mm, 50.3000 mm): Reference field of C4
    @(70.5755 mm, 50.7028 mm): Segment of C4 on F.Silkscreen
[silk_overlap]: Silkscreen overlap (board setup constraints silk clearance 0.5000 mm; actual 0.4560 mm)
    Rule: board setup constraints silk; warning
    @(59.2000 mm, 50.3000 mm): Reference field of C4
    @(70.5795 mm, 50.6628 mm): Segment of C4 on F.Silkscreen
[silk_overlap]: Silkscreen overlap (board setup constraints silk clearance 0.5000 mm; actual 0.4510 mm)
    Rule: board setup constraints silk; warning
    @(59.2000 mm, 50.3000 mm): Reference field of C4
    @(70.5845 mm, 50.6228 mm): Segment of C4 on F.Silkscreen
[silk_overlap]: Silkscreen overlap (board setup constraints silk clearance 0.5000 mm; actual 0.4480 mm)
    Rule: board setup constraints silk; warning
    @(59.2000 mm, 50.3000 mm): Reference field of C4
    @(70.5875 mm, 50.5828 mm): Segment of C4 on F.Silkscreen
[silk_overlap]: Silkscreen overlap (board setup constraints silk clearance 0.5000 mm; actual 0.4440 mm)
    Rule: board setup constraints silk; warning
    @(70.5915 mm, 50.5428 mm): Segment of C4 on F.Silkscreen
    @(59.2000 mm, 50.3000 mm): Reference field of C4
[silk_overlap]: Silkscreen overlap (board setup constraints silk clearance 0.5000 mm; actual 0.4410 mm)
    Rule: board setup constraints silk; warning
    @(59.2000 mm, 50.3000 mm): Reference field of C4
    @(70.5945 mm, 50.5028 mm): Segment of C4 on F.Silkscreen
[silk_overlap]: Silkscreen overlap (board setup constraints silk clearance 0.5000 mm; actual 0.4380 mm)
    Rule: board setup constraints silk; warning
    @(70.5975 mm, 50.4628 mm): Segment of C4 on F.Silkscreen
    @(59.2000 mm, 50.3000 mm): Reference field of C4
[silk_overlap]: Silkscreen overlap (board setup constraints silk clearance 0.5000 mm; actual 0.4350 mm)
    Rule: board setup constraints silk; warning
    @(70.6005 mm, 50.4228 mm): Segment of C4 on F.Silkscreen
    @(59.2000 mm, 50.3000 mm): Reference field of C4
[silk_overlap]: Silkscreen overlap (board setup constraints silk clearance 0.5000 mm; actual 0.4330 mm)
    Rule: board setup constraints silk; warning
    @(70.6025 mm, 50.3828 mm): Segment of C4 on F.Silkscreen
    @(59.2000 mm, 50.3000 mm): Reference field of C4
[silk_overlap]: Silkscreen overlap (board setup constraints silk clearance 0.5000 mm; actual 0.2205 mm)
    Rule: board setup constraints silk; warning
    @(59.0550 mm, 54.2320 mm): Reference field of TP1
    @(59.0550 mm, 55.8800 mm): Circle of TP1 on F.Silkscreen
[silk_overlap]: Silkscreen overlap (board setup constraints silk clearance 0.5000 mm; actual 0.3075 mm)
    Rule: board setup constraints silk; warning
    @(71.6000 mm, 47.4000 mm): Reference field of C20
    @(65.5305 mm, 50.1028 mm): Circle of C4 on F.Silkscreen
[silk_overlap]: Silkscreen overlap (board setup constraints silk clearance 0.5000 mm; actual 0.4323 mm)
    Rule: board setup constraints silk; warning
    @(70.6045 mm, 50.3428 mm): Segment of C4 on F.Silkscreen
    @(71.1455 mm, 49.7092 mm): Segment of C20 on F.Silkscreen
[silk_overlap]: Silkscreen overlap (board setup constraints silk clearance 0.5000 mm; actual 0.4237 mm)
    Rule: board setup constraints silk; warning
    @(70.6065 mm, 50.3028 mm): Segment of C4 on F.Silkscreen
    @(71.1455 mm, 49.7092 mm): Segment of C20 on F.Silkscreen
[silk_overlap]: Silkscreen overlap (board setup constraints silk clearance 0.5000 mm; actual 0.4189 mm)
    Rule: board setup constraints silk; warning
    @(70.6075 mm, 50.2628 mm): Segment of C4 on F.Silkscreen
    @(71.1455 mm, 49.7092 mm): Segment of C20 on F.Silkscreen
[silk_overlap]: Silkscreen overlap (board setup constraints silk clearance 0.5000 mm; actual 0.4160 mm)
    Rule: board setup constraints silk; warning
    @(71.1455 mm, 49.7092 mm): Segment of C20 on F.Silkscreen
    @(70.6095 mm, 50.1828 mm): Segment of C4 on F.Silkscreen
[silk_overlap]: Silkscreen overlap (board setup constraints silk clearance 0.5000 mm; actual 0.4160 mm)
    Rule: board setup constraints silk; warning
    @(70.6095 mm, 50.2228 mm): Segment of C4 on F.Silkscreen
    @(71.1455 mm, 49.7092 mm): Segment of C20 on F.Silkscreen
[silk_overlap]: Silkscreen overlap (board setup constraints silk clearance 0.5000 mm; actual 0.4150 mm)
    Rule: board setup constraints silk; warning
    @(70.6105 mm, 50.1028 mm): Segment of C4 on F.Silkscreen
    @(71.1455 mm, 49.7092 mm): Segment of C20 on F.Silkscreen
[silk_overlap]: Silkscreen overlap (board setup constraints silk clearance 0.5000 mm; actual 0.4150 mm)
    Rule: board setup constraints silk; warning
    @(70.6105 mm, 50.1428 mm): Segment of C4 on F.Silkscreen
    @(71.1455 mm, 49.7092 mm): Segment of C20 on F.Silkscreen
[silk_overlap]: Silkscreen overlap (board setup constraints silk clearance 0.5000 mm; actual 0.4350 mm)
    Rule: board setup constraints silk; warning
    @(65.5305 mm, 50.1028 mm): Circle of C4 on F.Silkscreen
    @(71.1455 mm, 49.7092 mm): Segment of C20 on F.Silkscreen
[silk_overlap]: Silkscreen overlap (board setup constraints silk clearance 0.5000 mm; actual 0.4941 mm)
    Rule: board setup constraints silk; warning
    @(70.5945 mm, 50.5028 mm): Segment of C4 on F.Silkscreen
    @(71.1455 mm, 49.7092 mm): Segment of C20 on F.Silkscreen
[silk_overlap]: Silkscreen overlap (board setup constraints silk clearance 0.5000 mm; actual 0.4747 mm)
    Rule: board setup constraints silk; warning
    @(70.5975 mm, 50.4628 mm): Segment of C4 on F.Silkscreen
    @(71.1455 mm, 49.7092 mm): Segment of C20 on F.Silkscreen
[silk_overlap]: Silkscreen overlap (board setup constraints silk clearance 0.5000 mm; actual 0.4575 mm)
    Rule: board setup constraints silk; warning
    @(70.6005 mm, 50.4228 mm): Segment of C4 on F.Silkscreen
    @(71.1455 mm, 49.7092 mm): Segment of C20 on F.Silkscreen
[silk_overlap]: Silkscreen overlap (board setup constraints silk clearance 0.5000 mm; actual 0.4436 mm)
    Rule: board setup constraints silk; warning
    @(70.6025 mm, 50.3828 mm): Segment of C4 on F.Silkscreen
    @(71.1455 mm, 49.7092 mm): Segment of C20 on F.Silkscreen
[silk_overlap]: Silkscreen overlap (board setup constraints silk clearance 0.5000 mm; actual 0.4773 mm)
    Rule: board setup constraints silk; warning
    @(59.0000 mm, 43.0650 mm): Reference field of TP5
    @(60.9600 mm, 41.2750 mm): Circle of TP5 on F.Silkscreen
[silk_overlap]: Silkscreen overlap (board setup constraints silk clearance 0.5000 mm; actual 0.4019 mm)
    Rule: board setup constraints silk; warning
    @(87.8155 mm, 65.6055 mm): Reference field of R23
    @(86.7679 mm, 64.5500 mm): Segment of R24 on F.Silkscreen
[silk_overlap]: Silkscreen overlap (board setup constraints silk clearance 0.5000 mm; actual 0.3676 mm)
    Rule: board setup constraints silk; warning
    @(87.2221 mm, 61.1750 mm): Segment of R23 on F.Silkscreen
    @(87.8155 mm, 60.3055 mm): Reference field of R24
[silk_overlap]: Silkscreen overlap (board setup constraints silk clearance 0.5000 mm; actual 0.3150 mm)
    Rule: board setup constraints silk; warning
    @(86.7679 mm, 63.0800 mm): Segment of R24 on F.Silkscreen
    @(87.2221 mm, 62.6450 mm): Segment of R23 on F.Silkscreen
[silk_overlap]: Silkscreen overlap (board setup constraints silk clearance 0.5000 mm; actual 0.1096 mm)
    Rule: board setup constraints silk; warning
    @(87.8155 mm, 60.3055 mm): Reference field of R24
    @(85.6000 mm, 59.3000 mm): Reference field of U3
[silk_overlap]: Silkscreen overlap (board setup constraints silk clearance 0.5000 mm; actual 0.4074 mm)
    Rule: board setup constraints silk; warning
    @(87.5000 mm, 56.7000 mm): Reference field of R20
    @(86.4600 mm, 55.7871 mm): Segment of R20 on F.Silkscreen
[silk_overlap]: Silkscreen overlap (board setup constraints silk clearance 0.5000 mm; actual 0.2281 mm)
    Rule: board setup constraints silk; warning
    @(84.4750 mm, 57.3100 mm): Segment of U3 on F.Silkscreen
    @(85.6000 mm, 59.3000 mm): Reference field of U3
[silk_overlap]: Silkscreen overlap (board setup constraints silk clearance 0.5000 mm; actual 0.4829 mm)
    Rule: board setup constraints silk; warning
    @(83.2150 mm, 52.4750 mm): Segment of IRFZ44N1 on F.Silkscreen
    @(79.5000 mm, 53.4000 mm): Reference field of C1
[silk_overlap]: Silkscreen overlap (board setup constraints silk clearance 0.5000 mm; actual 0.3652 mm)
    Rule: board setup constraints silk; warning
    @(72.9950 mm, 47.8550 mm): Segment of IRFZ44N1 on F.Silkscreen
    @(81.1000 mm, 46.9000 mm): Reference field of IRFZ44N1
[silk_overlap]: Silkscreen overlap (board setup constraints silk clearance 0.5000 mm; actual 0.3659 mm)
    Rule: board setup constraints silk; warning
    @(79.9550 mm, 47.8550 mm): Segment of IRFZ44N1 on F.Silkscreen
    @(81.1000 mm, 46.9000 mm): Reference field of IRFZ44N1
[silk_overlap]: Silkscreen overlap (board setup constraints silk clearance 0.5000 mm; actual 0.4390 mm)
    Rule: board setup constraints silk; warning
    @(83.2150 mm, 47.8550 mm): Segment of IRFZ44N1 on F.Silkscreen
    @(81.1000 mm, 46.9000 mm): Reference field of IRFZ44N1
[silk_overlap]: Silkscreen overlap (board setup constraints silk clearance 0.5000 mm; actual 0.3317 mm)
    Rule: board setup constraints silk; warning
    @(92.4829 mm, 54.7100 mm): Segment of R21 on F.Silkscreen
    @(93.1750 mm, 55.7000 mm): Reference field of R21
[silk_overlap]: Silkscreen overlap (board setup constraints silk clearance 0.5000 mm; actual 0.3718 mm)
    Rule: board setup constraints silk; warning
    @(94.2845 mm, 46.9000 mm): Reference field of IRFZ44N2
    @(94.5600 mm, 47.8550 mm): Segment of IRFZ44N2 on F.Silkscreen
[silk_overlap]: Silkscreen overlap (board setup constraints silk clearance 0.5000 mm; actual 0.3302 mm)
    Rule: board setup constraints silk; warning
    @(75.5500 mm, 44.7000 mm): Reference field of C19
    @(75.3037 mm, 45.6200 mm): Segment of C19 on F.Silkscreen
[silk_overlap]: Silkscreen overlap (board setup constraints silk clearance 0.5000 mm; actual 0.4098 mm)
    Rule: board setup constraints silk; warning
    @(83.4000 mm, 83.1000 mm): Reference field of F1
    @(94.7600 mm, 82.0100 mm): Segment of F1 on F.Silkscreen
[silk_overlap]: Silkscreen overlap (board setup constraints silk clearance 0.5000 mm; actual 0.3898 mm)
    Rule: board setup constraints silk; warning
    @(106.5337 mm, 80.5200 mm): Segment of C23 on F.Silkscreen
    @(106.6800 mm, 81.5900 mm): Reference field of C23
[silk_overlap]: Silkscreen overlap (board setup constraints silk clearance 0.5000 mm; actual 0.3673 mm)
    Rule: board setup constraints silk; warning
    @(106.4050 mm, 79.0300 mm): Segment of U9 on F.Silkscreen
    @(106.5337 mm, 79.5000 mm): Segment of C23 on F.Silkscreen
[silk_overlap]: Silkscreen overlap (board setup constraints silk clearance 0.5000 mm; actual 0.3500 mm)
    Rule: board setup constraints silk; warning
    @(106.5337 mm, 79.5000 mm): Segment of C23 on F.Silkscreen
    @(108.2250 mm, 79.0300 mm): Segment of U9 on F.Silkscreen

** Found 0 unconnected pads **

** Found 5 Footprint errors **
[duplicate_footprints]: Duplicate footprints
    Local override; warning
    @(125.9000 mm, 45.5000 mm): Footprint REF**
    @(65.4050 mm, 60.3250 mm): Footprint REF**
[duplicate_footprints]: Duplicate footprints
    Local override; warning
    @(156.8450 mm, 84.4550 mm): Footprint REF**
    @(65.4050 mm, 60.3250 mm): Footprint REF**
[extra_footprint]: Extra footprint
    Local override; warning
    @(65.4050 mm, 60.3250 mm): Footprint REF**
[extra_footprint]: Extra footprint
    Local override; warning
    @(125.9000 mm, 45.5000 mm): Footprint REF**
[extra_footprint]: Extra footprint
    Local override; warning
    @(156.8450 mm, 84.4550 mm): Footprint REF**

** End of Report **
