ERC report (2026-06-12T17:08:36+0200, Encoding UTF8)

***** Sheet /
[power_pin_not_driven]: Input Power pin not driven by any Output Power pins
    ; error
    @(46.99 mm, 48.26 mm): Symbol U3 Pin 1 [VCC, Power input, Line]
[power_pin_not_driven]: Input Power pin not driven by any Output Power pins
    ; error
    @(113.03 mm, 60.96 mm): Symbol #PWR03 Pin 1 [Power input, Line]
[power_pin_not_driven]: Input Power pin not driven by any Output Power pins
    ; error
    @(62.23 mm, 129.54 mm): Symbol #PWR024 Pin 1 [Power input, Line]
[multiple_net_names]: Both SW and VIN are attached to the same items; SW will be used in the netlist
    ; warning
    @(93.98 mm, 50.80 mm): Label 'SW'
    @(87.63 mm, 35.56 mm): Label 'VIN'
[lib_symbol_mismatch]: Symbol 'Conn_01x02' doesn't match copy in library 'Connector_Generic'
    ; warning
    @(111.76 mm, 33.02 mm): Symbol J1 [Conn_01x02]
[multiple_net_names]: Both GND and VOUT are attached to the same items; GND will be used in the netlist
    ; warning
    @(127.00 mm, 129.54 mm): Symbol #PWR033 Pin 1 [Power input, Line]
    @(115.57 mm, 50.80 mm): Label 'VOUT'

 ** ERC messages: 6  Errors 3  Warnings 3
